=== slot: /tmp/fm-live-s1.Cbfh/pool/.treehouse/project-d6ad29/1/project
=== records: lattice-gen-audit-search (parked, no window) and lattice-auto-return (window fm-lattice-auto-return idle in slot); claim task=lattice-auto-return
$ FM_HOME=/tmp/fm-live-s1.Cbfh/lattice-mate bin/fm-teardown.sh lattice-auto-return
●━━━━━━━━━━━━━━━━━━━━━━━━━━━━━━━━━━━━━━━━━━━━━━━━━━━━━━━━━━━━━━━━━━━━━━━
●  WATCHER DOWN - SUPERVISION IS OFF
●  2 task(s) in flight, but no watcher has a fresh beacon (last beat: never, grace 300s).
●  Trust the emitted supervision protocol for this harness; do not use shell & for watcher repair.
●  This is a supervision warning only; the guarded operation WILL still run.
●  watcher supervision needs Stop-owned automatic recovery; inspect the hook registration and startup status before ending the turn.
●━━━━━━━━━━━━━━━━━━━━━━━━━━━━━━━━━━━━━━━━━━━━━━━━━━━━━━━━━━━━━━━━━━━━━━━
REFUSED: task lattice-auto-return's recorded worktree /tmp/fm-live-s1.Cbfh/pool/.treehouse/project-d6ad29/1/project is also task lattice-gen-audit-search's recorded worktree.
Returning that pool slot would kill lattice-gen-audit-search's processes and reset its copy, so nothing was changed - not even with --force.
Reconcile whichever record is wrong (bin/fm-crew-state.sh lattice-auto-return; bin/fm-crew-state.sh lattice-gen-audit-search), then re-run teardown.
[exit 1]
--- state after ---
records: lattice-auto-return.meta lattice-gen-audit-search.meta 
claim: task=lattice-auto-return home=/tmp/fm-live-s1.Cbfh/lattice-mate 
tmux windows: keep fm-lattice-auto-return 
sentinel in slot: present
treehouse status: 1     leased       /tmp/fm-live-s1.Cbfh/pool/.treehouse/project-d6ad29/1/project  (held by fm-live)
                   bash (175048)
scout record content kept: window=firstmate:fm-lattice-gen-audit-search endpoint_task_id=lattice-gen-audit-search worktree=/tmp/fm-live-s1.Cbfh/pool/.treehouse/project-d6ad29/1/project project=/tmp/fm-live-s1.Cbfh/project kind=scout 
